Running: /Users/b/phoenix/code/simulation_shared_data/scripts/sentence-script-a-chemical-signal-spreads-through-the-patch-causing-nearby-cells-to-sl-e90d37b5.py
Started: 2026-05-24T20:51:10

/Users/b/phoenix/code/core_sentence_branch_script_web_app/.venv/lib/python3.12/site-packages/vpython/__init__.py:1: UserWarning: pkg_resources is deprecated as an API. See https://setuptools.pypa.io/en/latest/pkg_resources.html. The pkg_resources package is slated for removal as early as 2025-11-30. Refrain from using this package or pin to Setuptools<81.
  from pkg_resources import get_distribution, DistributionNotFound
----------------------------------------
Exception occurred during processing of request from ('127.0.0.1', 60786)
Traceback (most recent call last):
  File "/opt/homebrew/Caskroom/miniconda/base/lib/python3.12/socketserver.py", line 318, in _handle_request_noblock
    self.process_request(request, client_address)
  File "/opt/homebrew/Caskroom/miniconda/base/lib/python3.12/socketserver.py", line 349, in process_request
    self.finish_request(request, client_address)
  File "/opt/homebrew/Caskroom/miniconda/base/lib/python3.12/socketserver.py", line 362, in finish_request
    self.RequestHandlerClass(request, client_address, self)
  File "/opt/homebrew/Caskroom/miniconda/base/lib/python3.12/socketserver.py", line 761, in __init__
    self.handle()
  File "/opt/homebrew/Caskroom/miniconda/base/lib/python3.12/http/server.py", line 436, in handle
    self.handle_one_request()
  File "/opt/homebrew/Caskroom/miniconda/base/lib/python3.12/http/server.py", line 424, in handle_one_request
    method()
  File "/Users/b/phoenix/code/core_sentence_branch_script_web_app/.venv/lib/python3.12/site-packages/vpython/no_notebook.py", line 165, in do_GET
    fd = open(loc, 'rb')
         ^^^^^^^^^^^^^^^
FileNotFoundError: [Errno 2] No such file or directory: '/Users/b/phoenix/code/core_sentence_branch_script_web_app/.venv/lib/python3.12/site-packages/vpython/vpython_libraries/apple-touch-icon-precomposed.png'
----------------------------------------
----------------------------------------
Exception occurred during processing of request from ('127.0.0.1', 60790)
Traceback (most recent call last):
  File "/opt/homebrew/Caskroom/miniconda/base/lib/python3.12/socketserver.py", line 318, in _handle_request_noblock
    self.process_request(request, client_address)
  File "/opt/homebrew/Caskroom/miniconda/base/lib/python3.12/socketserver.py", line 349, in process_request
    self.finish_request(request, client_address)
  File "/opt/homebrew/Caskroom/miniconda/base/lib/python3.12/socketserver.py", line 362, in finish_request
    self.RequestHandlerClass(request, client_address, self)
  File "/opt/homebrew/Caskroom/miniconda/base/lib/python3.12/socketserver.py", line 761, in __init__
    self.handle()
  File "/opt/homebrew/Caskroom/miniconda/base/lib/python3.12/http/server.py", line 436, in handle
    self.handle_one_request()
  File "/opt/homebrew/Caskroom/miniconda/base/lib/python3.12/http/server.py", line 424, in handle_one_request
    method()
  File "/Users/b/phoenix/code/core_sentence_branch_script_web_app/.venv/lib/python3.12/site-packages/vpython/no_notebook.py", line 165, in do_GET
    fd = open(loc, 'rb')
         ^^^^^^^^^^^^^^^
FileNotFoundError: [Errno 2] No such file or directory: '/Users/b/phoenix/code/core_sentence_branch_script_web_app/.venv/lib/python3.12/site-packages/vpython/vpython_libraries/apple-touch-icon.png'
----------------------------------------
