Traceback (most recent call last):
  File "/Users/b/phoenix/code/vpython_web_generator/outputs/vpython-simulation-bar-magnet-with-iron-filings-field-lines-a-central-3d-bar-mag-3975290e.py", line 859, in <module>
    sim.update(dt)
  File "/Users/b/phoenix/code/vpython_web_generator/outputs/vpython-simulation-bar-magnet-with-iron-filings-field-lines-a-central-3d-bar-mag-3975290e.py", line 784, in update
    self.update_field_particles(dt)
  File "/Users/b/phoenix/code/vpython_web_generator/outputs/vpython-simulation-bar-magnet-with-iron-filings-field-lines-a-central-3d-bar-mag-3975290e.py", line 630, in update_field_particles
    li = particle["line"] % len(self.field_line_points)
         ~~~~~~~~~~~~~~~~~^~~~~~~~~~~~~~~~~~~~~~~~~~~~~
ZeroDivisionError: integer modulo by zero
Task exception was never retrieved
future: <Task finished name='Task-1038' coro=<WSserver.onMessage() done, defined at /opt/homebrew/Caskroom/miniconda/base/lib/python3.12/site-packages/vpython/no_notebook.py:197> exception=RuntimeError('cannot schedule new futures after shutdown')>
Traceback (most recent call last):
  File "/opt/homebrew/Caskroom/miniconda/base/lib/python3.12/site-packages/vpython/no_notebook.py", line 231, in onMessage
    await loop.run_in_executor(None, GW.handle_msg, msg)
          ^^^^^^^^^^^^^^^^^^^^^^^^^^^^^^^^^^^^^^^^^^^^^^
  File "/opt/homebrew/Caskroom/miniconda/base/lib/python3.12/asyncio/base_events.py", line 861, in run_in_executor
    executor.submit(func, *args), loop=self)
    ^^^^^^^^^^^^^^^^^^^^^^^^^^^^
  File "/opt/homebrew/Caskroom/miniconda/base/lib/python3.12/concurrent/futures/thread.py", line 170, in submit
    raise RuntimeError('cannot schedule new futures after shutdown')
RuntimeError: cannot schedule new futures after shutdown
